{
  "succeeded": false,
  "output": [
    "(1,18): error CS1002: ; expected",
    "(1,18): error CS1010: Newline in constant",
    "(1,18): error CS1012: Too many characters in character literal",
    "(1,1): error CS1002: ; expected",
    "(1,13): error CS0103: The name 'doesn' does not exist in the current context",
    "ViewportCode.cs(9,30): error CS0161: 'Sample.Method()': not all code paths return a value"
  ],
  "exception": null,
  "diagnostics": [
    {
      "start": 1,
      "end": 34,
      "message": "Unnecessary using directive.",
      "severity": 0,
      "id": "CS8019"
    },
    {
      "start": 12,
      "end": 17,
      "message": "The name 'doesn' does not exist in the current context",
      "severity": 3,
      "id": "CS0103"
    },
    {
      "start": 15,
      "end": 33,
      "message": "Unnecessary using directive.",
      "severity": 0,
      "id": "CS8019"
    },
    {
      "start": 17,
      "end": 17,
      "message": "Newline in constant",
      "severity": 3,
      "id": "CS1010"
    },
    {
      "start": 17,
      "end": 17,
      "message": "Too many characters in character literal",
      "severity": 3,
      "id": "CS1012"
    },
    {
      "start": 17,
      "end": 27,
      "message": "; expected",
      "severity": 3,
      "id": "CS1002"
    },
    {
      "start": 27,
      "end": 27,
      "message": "; expected",
      "severity": 3,
      "id": "CS1002"
    },
    {
      "start": 35,
      "end": 48,
      "message": "Unnecessary using directive.",
      "severity": 0,
      "id": "CS8019"
    },
    {
      "start": 136,
      "end": 142,
      "message": "'Sample.Method()': not all code paths return a value",
      "severity": 3,
      "id": "CS0161"
    }
  ]
}