{
  "diagnostics": [
    {
      "start": 1,
      "end": 34,
      "message": "Unnecessary using directive.",
      "severity": 0,
      "id": "CS8019"
    },
    {
      "start": 15,
      "end": 33,
      "message": "Unnecessary using directive.",
      "severity": 0,
      "id": "CS8019"
    },
    {
      "start": 35,
      "end": 48,
      "message": "Unnecessary using directive.",
      "severity": 0,
      "id": "CS8019"
    }
  ],
  "succeeded": true,
  "output": [
    "Hello world!"
  ],
  "exception": null
}