{
  "succeeded": true,
  "output": [],
  "exception": null,
  "diagnostics": [
    {
      "start": 1,
      "end": 14,
      "message": "EntrypointCode.cs(2,1): hidden CS8019: Unnecessary using directive.",
      "severity": 0,
      "id": "CS8019"
    },
    {
      "start": 15,
      "end": 33,
      "message": "EntrypointCode.cs(3,1): hidden CS8019: Unnecessary using directive.",
      "severity": 0,
      "id": "CS8019"
    },
    {
      "start": 1638,
      "end": 1647,
      "message": "EntrypointCode.cs(11,1509): warning CS0472: The result of the expression is always 'true' since a value of type 'int' is never equal to 'null' of type 'int?'",
      "severity": 2,
      "id": "CS0472"
    },
    {
      "start": 2174,
      "end": 2183,
      "message": "EntrypointCode.cs(11,2045): warning CS0472: The result of the expression is always 'true' since a value of type 'int' is never equal to 'null' of type 'int?'",
      "severity": 2,
      "id": "CS0472"
    },
    {
      "start": 2341,
      "end": 2350,
      "message": "EntrypointCode.cs(11,2212): warning CS0472: The result of the expression is always 'true' since a value of type 'int' is never equal to 'null' of type 'int?'",
      "severity": 2,
      "id": "CS0472"
    },
    {
      "start": 2873,
      "end": 2882,
      "message": "EntrypointCode.cs(11,2744): warning CS0472: The result of the expression is always 'true' since a value of type 'int' is never equal to 'null' of type 'int?'",
      "severity": 2,
      "id": "CS0472"
    },
    {
      "start": 3040,
      "end": 3049,
      "message": "EntrypointCode.cs(11,2911): warning CS0472: The result of the expression is always 'true' since a value of type 'int' is never equal to 'null' of type 'int?'",
      "severity": 2,
      "id": "CS0472"
    }
  ],
  "instrumentation": [
    {
      "filePosition": {
        "line": 10,
        "character": 12,
        "file": "EntrypointCode.cs"
      },
      "stackTrace": "    at Example.Program.Main()\n ",
      "locals": [],
      "parameters": [],
      "fields": [],
      "output": {
        "start": 0,
        "end": 0
      }
    },
    {
      "filePosition": {
        "line": 10,
        "character": 23,
        "file": "EntrypointCode.cs"
      },
      "stackTrace": "    at Example.Program.Main()\n ",
      "locals": [
        {
          "name": "a",
          "value": "1",
          "declaredAt": {
            "start": 146,
            "end": 147
          }
        }
      ],
      "parameters": [],
      "fields": [],
      "output": {
        "start": 0,
        "end": 0
      }
    },
    {
      "filePosition": {
        "line": 10,
        "character": 34,
        "file": "EntrypointCode.cs"
      },
      "stackTrace": "    at Example.Program.Main()\n ",
      "locals": [
        {
          "name": "b",
          "value": "2",
          "declaredAt": {
            "start": 157,
            "end": 158
          }
        },
        {
          "name": "a",
          "value": "1",
          "declaredAt": {
            "start": 146,
            "end": 147
          }
        }
      ],
      "parameters": [],
      "fields": [],
      "output": {
        "start": 0,
        "end": 0
      }
    },
    {
      "filePosition": {
        "line": 10,
        "character": 41,
        "file": "EntrypointCode.cs"
      },
      "stackTrace": "    at Example.Program.Main()\n ",
      "locals": [
        {
          "name": "b",
          "value": "2",
          "declaredAt": {
            "start": 157,
            "end": 158
          }
        },
        {
          "name": "a",
          "value": "3",
          "declaredAt": {
            "start": 146,
            "end": 147
          }
        }
      ],
      "parameters": [],
      "fields": [],
      "output": {
        "start": 0,
        "end": 0
      }
    }
  ],
  "variableLocations": [
    {
      "name": "b",
      "locations": [
        {
          "startLine": 10,
          "startColumn": 41,
          "endLine": 10,
          "endColumn": 42
        },
        {
          "startLine": 10,
          "startColumn": 27,
          "endLine": 10,
          "endColumn": 28
        }
      ],
      "declaredAt": {
        "start": 157,
        "end": 158
      }
    },
    {
      "name": "a",
      "locations": [
        {
          "startLine": 10,
          "startColumn": 34,
          "endLine": 10,
          "endColumn": 35
        },
        {
          "startLine": 10,
          "startColumn": 45,
          "endLine": 10,
          "endColumn": 46
        },
        {
          "startLine": 10,
          "startColumn": 16,
          "endLine": 10,
          "endColumn": 17
        }
      ],
      "declaredAt": {
        "start": 146,
        "end": 147
      }
    }
  ]
}