{
  "correlationId": "TestRun",
  "succeeded": false,
  "output": [
    "(1,18): error CS1002: ; expected",
    "(1,18): error CS1010: Newline in constant",
    "(1,18): error CS1012: Too many characters in character literal",
    "(1,1): error CS1002: ; expected",
    "(1,13): error CS0103: The name 'doesn' does not exist in the current context"
  ],
  "exception": null,
  "diagnostics": [
    {
      "start": 12,
      "end": 17,
      "message": "(1,13): error CS0103: The name 'doesn' does not exist in the current context",
      "severity": 3,
      "id": "CS0103"
    },
    {
      "start": 17,
      "end": 17,
      "message": "(1,18): error CS1010: Newline in constant",
      "severity": 3,
      "id": "CS1010"
    },
    {
      "start": 17,
      "end": 17,
      "message": "(1,18): error CS1012: Too many characters in character literal",
      "severity": 3,
      "id": "CS1012"
    },
    {
      "start": 17,
      "end": 27,
      "message": "(1,18): error CS1002: ; expected",
      "severity": 3,
      "id": "CS1002"
    },
    {
      "start": 27,
      "end": 27,
      "message": "(1,1): error CS1002: ; expected",
      "severity": 3,
      "id": "CS1002"
    }
  ]
}