{
  "succeeded": true,
  "base64assembly": "TVqQAAMAAAAEAAAA//8AALgAAAAAAAAAQAAAAAAAAAAAAAAAAAAAAAAAAAAAAAAAAAAAAAAAAAAAAAAAgAAAAA4fug4AtAnNIbgBTM0hVGhpcyBwcm9ncmFtIGNhbm5vdCBiZSBydW4gaW4gRE9TIG1vZGUuDQ0KJAAAAAAAAABQRQAATAECACHhZe8AAAAAAAAAAOAAIgALATAAAAgAAAACAAAAAAAAAiYAAAAgAAAAQAAAAABAAAAgAAAAAgAABAAAAAAAAAAEAAAAAAAAAABgAAAAAgAAAAAAAAMAQIUAABAAABAAAAAAEAAAEAAAAAAAABAAAAAAAAAAAAAAALAlAABPAAAAAAAAAAAAAAAAAAAAAAAAAAAAAAAAAAAAAEAAAAwAAACUJQAAHAAAAAAAAAAAAAAAAAAAAAAAAAAAAAAAAAAAAAAAAAAAAAAAAAAAAAAAAAAAIAAACAAAAAAAAAAAAAAACCAAAEgAAAAAAAAAAAAAAC50ZXh0AAAACAYAAAAgAAAACAAAAAIAAAAAAAAAAAAAAAAAACAAAGAucmVsb2MAAAwAAAAAQAAAAAIAAAAKAAAAAAAAAAAAAAAAAABAAABCAAAAAAAAAAAAAAAAAAAAAAAAAAAAAAAAAAAAAAAAAAAAAAAAAAAAAAAAAAAAAAAAAAAAAAAAAADkJQAAAAAAAEgAAAACAAUAgCAAABQFAAABAAAAAQAABgAAAAAAAAAAAAAAAAAAAAAAAAAAAAAAAAAAAAAAAAAAAAAAAAAAAAAAAAAAAAAAADYAKAMAAAYoCwAACgAqIgIoDAAACgAqABMwAQALAAAAAQAAEQByAQAAcAorAAYqAEJTSkIBAAEAAAAAAAwAAAB2NC4wLjMwMzE5AAAAAAUAbAAAALABAAAjfgAAHAIAAAQCAAAjU3RyaW5ncwAAAAAgBAAAHAAAACNVUwA8BAAAEAAAACNHVUlEAAAATAQAAMgAAAAjQmxvYgAAAAAAAAACAAABRxQCAAkAAAAA+gEzABYAAAEAAAANAAAAAwAAAAMAAAAMAAAACgAAAAEAAAABAAAAAgAAAAAAgAEBAAAAAAAGAPYAywEGAEgBywEGAFAAuAEPAOsBAAAGAHsAZgEGAC8BoAEGANcAoAEGAJQAoAEGALEAoAEGABYBoAEGAGQAoAEGAPoBlAEKABgAlAEAAAAAAQAAAAAAAQABAAEAEACMAS8AMQABAAEAgQEQACgALwAxAAEAAwBQIAAAAACWAJsBJwABAF4gAAAAAIYYsgEGAAEAaCAAAAAAlgAKACsAAQAJALIBAQARALIBBgAZALIBCgApALIBEAAxALIBEAA5ALIBEABBALIBEABJALIBEABRALIBEABZALIBEABpAEYAFQBhALIBBgAuAAsALwAuABMAOAAuABsAVwAuACMAYAAuACsAlgAuADMAowAuADsArgAuAEMAuwAuAEsAlgAuAFMAlgAaAASAAAABAAAAAAAAAAAAAAAAACAAAAAEAAIAAQAAAAAAAAAeADcAAAAAAAQAAQABAAAAAAAAAB4AEQAAAAAAAAAAAAA8TW9kdWxlPgBNZXRob2QAU3lzdGVtLkNvbnNvbGUAY29uc29sZQBTYW1wbGUARXhhbXBsZQBTeXN0ZW0uUnVudGltZQBXcml0ZUxpbmUARGVidWdnYWJsZUF0dHJpYnV0ZQBBc3NlbWJseVRpdGxlQXR0cmlidXRlAFRhcmdldEZyYW1ld29ya0F0dHJpYnV0ZQBBc3NlbWJseUZpbGVWZXJzaW9uQXR0cmlidXRlAEFzc2VtYmx5SW5mb3JtYXRpb25hbFZlcnNpb25BdHRyaWJ1dGUAQXNzZW1ibHlDb25maWd1cmF0aW9uQXR0cmlidXRlAENvbXBpbGF0aW9uUmVsYXhhdGlvbnNBdHRyaWJ1dGUAQXNzZW1ibHlQcm9kdWN0QXR0cmlidXRlAEFzc2VtYmx5Q29tcGFueUF0dHJpYnV0ZQBSdW50aW1lQ29tcGF0aWJpbGl0eUF0dHJpYnV0ZQBTeXN0ZW0uUnVudGltZS5WZXJzaW9uaW5nAGNvbnNvbGUuZGxsAFByb2dyYW0AU3lzdGVtAE1haW4AU3lzdGVtLlJlZmxlY3Rpb24ALmN0b3IAU3lzdGVtLkRpYWdub3N0aWNzAFN5c3RlbS5SdW50aW1lLkNvbXBpbGVyU2VydmljZXMARGVidWdnaW5nTW9kZXMAT2JqZWN0AAAAAAAZSABlAGwAbABvACAAdwBvAHIAbABkACEAAADupK7iGSNyQq/C6WLZ97a7AAQgAQEIAyAAAQUgAQEREQQgAQEOBAABARwDBwEcCLA/X38R1Qo6AwAAAQMAABwIAQAIAAAAAAAeAQABAFQCFldyYXBOb25FeGNlcHRpb25UaHJvd3MBCAEABwEAAAAANQEAGC5ORVRDb3JlQXBwLFZlcnNpb249djIuMQEAVA4URnJhbWV3b3JrRGlzcGxheU5hbWUADAEAB2NvbnNvbGUAAAoBAAVEZWJ1ZwAADAEABzEuMC4wLjAAAAoBAAUxLjAuMAAAAAAAAAAAAAAAAAAAAAAQAAAAAAAAAAAAAAAAAAAA2CUAAAAAAAAAAAAA8iUAAAAgAAAAAAAAAAAAAAAAAAAAAAAAAAAAAOQlAAAAAAAAAAAAAAAAX0NvckV4ZU1haW4AbXNjb3JlZS5kbGwAAAAAAP8lACBAAAAAAAAAAAAAAAAAAAAAAAAAAAAAAAAAAAAAAAAAAAAAAAAAAAAAAAAAAAAAAAAAAAAAAAAAAAAAAAAAAAAAAAAAAAAAAAAAAAAAAAAAAAAAAAAAAAAAAAAAAAAAAAAAAAAAAAAAAAAAAAAAAAAAAAAAAAAAAAAAAAAAAAAAAAAAAAAAAAAAAAAAAAAAAAAAAAAAAAAAAAAAAAAAAAAAAAAAAAAAAAAAAAAAAAAAAAAAAAAAAAAAAAAAAAAAAAAAAAAAAAAAAAAAAAAAAAAAAAAAAAAAAAAAAAAAAAAAAAAAAAAAAAAAAAAAAAAAAAAAAAAAAAAAAAAAAAAAAAAAAAAAAAAAAAAAAAAAAAAAAAAAAAAAAAAAAAAAAAAAAAAAAAAAAAAAAAAAAAAAAAAAAAAAAAAAAAAAAAAAAAAAAAAAAAAAAAAAAAAAAAAAAAAAAAAAAAAAAAAAAAAAAAAAAAAAAAAAAAAAAAAAAAAAAAAAAAAAAAAAAAAAAAAAAAAAAAAAAAAAAAAAAAAAAAAAAAAAAAAAAAAAAAAAAAAAAAAAAAAAAAAAAAAAAAAAAAAAAAAAAAAAAAAAAAAAAAAAAAAAAAAAAAAAAAAAAAAAAAAAAAAAAAAAAAAAAAAAAAAAAAAAAAAAAAAAAAAAAAAAAAAAAAAAAAAAAAAgAAAMAAAABDYAAAAAAAAAAAAAAAAAAAAAAAAAAAAAAAAAAAAAAAAAAAAAAAAAAAAAAAAAAAAAAAAAAAAAAAAAAAAAAAAAAAAAAAAAAAAAAAAAAAAAAAAAAAAAAAAAAAAAAAAAAAAAAAAAAAAAAAAAAAAAAAAAAAAAAAAAAAAAAAAAAAAAAAAAAAAAAAAAAAAAAAAAAAAAAAAAAAAAAAAAAAAAAAAAAAAAAAAAAAAAAAAAAAAAAAAAAAAAAAAAAAAAAAAAAAAAAAAAAAAAAAAAAAAAAAAAAAAAAAAAAAAAAAAAAAAAAAAAAAAAAAAAAAAAAAAAAAAAAAAAAAAAAAAAAAAAAAAAAAAAAAAAAAAAAAAAAAAAAAAAAAAAAAAAAAAAAAAAAAAAAAAAAAAAAAAAAAAAAAAAAAAAAAAAAAAAAAAAAAAAAAAAAAAAAAAAAAAAAAAAAAAAAAAAAAAAAAAAAAAAAAAAAAAAAAAAAAAAAAAAAAAAAAAAAAAAAAAAAAAAAAAAAAAAAAAAAAAAAAAAAAAAAAAAAAAAAAAAAAAAAAAAAAAAAAAAAAAAAAAAAAAAAAAAAAAAAAAAAAAAAAAAAAAAAAAAAAAAAAAAAAAAAAAAAAAAAAAAAAAAAAAAAAAAAAAAAAAAAAAAAAAAAAAAAAAAAAAAAAAAAAAAAAAA",
  "diagnostics": []
}