{
  "requestId": "TestRun",
  "succeeded": true,
  "output": [],
  "exception": null,
  "diagnostics": [
    {
      "start": 1,
      "end": 14,
      "message": "Program.cs(2,1): hidden CS8019: Unnecessary using directive.",
      "severity": 0,
      "id": "CS8019"
    },
    {
      "start": 15,
      "end": 33,
      "message": "Program.cs(3,1): hidden CS8019: Unnecessary using directive.",
      "severity": 0,
      "id": "CS8019"
    }
  ]
}