data: <IDS|MSG> more: True
data: 8a1a48686cad024f4221075a0540cded362854469fc629cc1361f4459af4c35e more: True
data: {"msg_id":"2d89b7f4-06ae-4c62-ada0-8562595e7599","username":"dotnet_kernel","session":"test session","date":"0001-01-01T00:00:00Z","msg_type":"kernel_info_reply","version":"5.3"} more: True
data: null more: True
data: {} more: True
data: {"protocol_version":"5.3","implementation":".NET","implementation_version":"0.0.3","language_info":{"name":"C#","version":"4.0.30319","mimetype":"text/x-csharp","file_extension":".cs","pygments_lexer":"c#","nbconvert_exporter":null,"help_links":[]},"banner":null} more: False
